// Jest Snapshot v1, https://goo.gl/fbAQLP

exports[`<TicketCard /> renders 1`] = `
<div
  className="card"
  onClick={[Function]}
>
  <h3>
    prod 1
  </h3>
  <p>
    Â£
    10
  </p>
  <button>
    Add to Basket
  </button>
</div>
`;
