// Jest Snapshot v1, https://goo.gl/fbAQLP

exports[`<Total /> renders with correct total 1`] = `
<div>
  <h2>
    Total
  </h2>
  Â£32.4
</div>
`;
