// Jest Snapshot v1, https://goo.gl/fbAQLP

exports[`<Task /> renders with props 1`] = `
<h1>
  Empty Task
</h1>
`;
